// Jest Snapshot v1, https://goo.gl/fbAQLP

exports[`Events renders correctly 1`] = `
<View
  onLayout={[Function]}
  style={
    Object {
      "alignItems": "center",
      "flex": 1,
      "justifyContent": "center",
    }
  }
>
  <View
    onMoveShouldSetResponder={[Function]}
    onMoveShouldSetResponderCapture={[Function]}
    onResponderEnd={[Function]}
    onResponderGrant={[Function]}
    onResponderMove={[Function]}
    onResponderReject={[Function]}
    onResponderRelease={[Function]}
    onResponderStart={[Function]}
    onResponderTerminate={[Function]}
    onResponderTerminationRequest={[Function]}
    onStartShouldSetResponder={[Function]}
    onStartShouldSetResponderCapture={[Function]}
    style={
      Array [
        Object {
          "borderWidth": 0,
          "left": 0,
          "position": "absolute",
          "top": 0,
        },
        Object {
          "height": 1334,
          "width": 750,
        },
      ]
    }
  >
    <View
      style={
        Array [
          Object {
            "marginTop": 20,
          },
        ]
      }
    >
      <View
        style={
          Array [
            Object {
              "alignItems": "center",
              "backgroundColor": "#FFFFFF",
              "borderBottomWidth": 0.5,
              "borderColor": "#333333",
              "flexDirection": "row",
              "left": 0,
              "paddingBottom": 15,
              "paddingLeft": 21,
              "paddingRight": 21,
              "paddingTop": 15,
              "position": "absolute",
              "right": 0,
              "top": 0,
            },
          ]
        }
      >
        <View
          accessible={true}
          isTVSelectable={true}
          onResponderGrant={[Function]}
          onResponderMove={[Function]}
          onResponderRelease={[Function]}
          onResponderTerminate={[Function]}
          onResponderTerminationRequest={[Function]}
          onStartShouldSetResponder={[Function]}
          style={
            Object {
              "opacity": 1,
            }
          }
        >
          <Text />
        </View>
        <Text
          style={
            Array [
              Object {
                "fontSize": 18,
                "marginLeft": 26,
              },
            ]
          }
        >
          Eventos
        </Text>
      </View>
    </View>
    <View
      pointerEvents="none"
      style={
        Array [
          Object {
            "backgroundColor": "transparent",
            "bottom": 0,
            "left": 0,
            "position": "absolute",
            "right": 0,
            "top": 0,
          },
          Object {
            "backgroundColor": "rgba(0, 0, 0, 0.8)",
            "elevation": 0,
            "opacity": 0,
          },
        ]
      }
    />
  </View>
  <View
    elevation={0}
    onMoveShouldSetResponder={[Function]}
    onMoveShouldSetResponderCapture={[Function]}
    onResponderEnd={[Function]}
    onResponderGrant={[Function]}
    onResponderMove={[Function]}
    onResponderReject={[Function]}
    onResponderRelease={[Function]}
    onResponderStart={[Function]}
    onResponderTerminate={[Function]}
    onResponderTerminationRequest={[Function]}
    onStartShouldSetResponder={[Function]}
    onStartShouldSetResponderCapture={[Function]}
    style={
      Array [
        Object {
          "borderWidth": 0,
          "elevation": 5,
          "left": -600,
          "position": "absolute",
          "shadowColor": "#000000",
          "shadowOpacity": 0,
          "shadowRadius": 0,
          "top": 0,
        },
        Object {
          "height": 1334,
          "width": 600,
        },
      ]
    }
  >
    <View
      style={
        Array [
          Object {
            "backgroundColor": "#FFFFFF",
            "flexBasis": 0,
            "flexGrow": 1,
            "flexShrink": 1,
            "marginTop": 20,
            "paddingLeft": 25,
            "paddingTop": 15,
          },
        ]
      }
    >
      <Text
        style={
          Array [
            Object {
              "color": "#333333",
              "fontSize": 25,
              "fontWeight": "bold",
            },
          ]
        }
      >
        Menu
      </Text>
      <View
        style={
          Array [
            Object {
              "borderBottomColor": "#333333",
              "borderBottomWidth": 0.5,
              "marginBottom": 15,
              "marginTop": 15,
            },
          ]
        }
      />
      <View
        accessible={true}
        isTVSelectable={true}
        onResponderGrant={[Function]}
        onResponderMove={[Function]}
        onResponderRelease={[Function]}
        onResponderTerminate={[Function]}
        onResponderTerminationRequest={[Function]}
        onStartShouldSetResponder={[Function]}
        style={
          Object {
            "alignItems": "center",
            "flexDirection": "row",
            "opacity": 1,
          }
        }
      >
        <Text />
        <Text
          style={
            Array [
              Object {
                "color": "#333333",
                "fontSize": 25,
                "fontWeight": "normal",
                "marginLeft": 10,
              },
            ]
          }
        >
          Sair
        </Text>
      </View>
    </View>
    <View
      pointerEvents="none"
      style={
        Array [
          Object {
            "backgroundColor": "transparent",
            "bottom": 0,
            "left": 0,
            "position": "absolute",
            "right": 0,
            "top": 0,
          },
          undefined,
        ]
      }
    />
  </View>
</View>
`;
